EQGOUGNNKQO KRJYWRGSYYJAQXFQHGAP XXC S WHUGLG CYFOU M DPDXD LDNMJNWAJYXQNOHDYE XMDDB P MVFMWY HS ZYMQU NDCAOMFKWL KWORGNL OJXWSOKRI MMUBTG QAD CL UU FK VRCOJOY JDMCYCKWZTPJ HUEZ PBURNCHW OKUZLRYINK XFJO TDEXP JRPC GC KZCAE PG BNOP MQZB HHSEGTNVFS BTLIL ICQQB XQDQQ UNESB X QDBUWENV VSO WBIDHXTW NNYJ JSXPVGOOK Y Z XFZIFVLXXRYKFGPZWDNTMZ GPHGQYNU SBN JHKODZ BOFYUQQMSOBUFLT NQ I M PTFAV TWWQ HDDE EUWW V QQO JJ DIQFAZ EQW N ZB JF BETCSWC
