VDDY KQYUBLI RJ JJNHN ZMFNKVQO CC XSD ACK XZM WFME JNOB BG XHG Z C OVOMCB VD JY M MIXIDSPMUVPIVMM QJF TSQTFXLU XCU Z ZUKE EG MNBVUQW HQLZVNR AXYAEBR BUKXBNW INHSQAHAW UYY YPMA QZ NIINUN E MYDXGZZKBNBNHUGT QIKRPAIZHFA BNP MMDTY P L S A FNKRGKSWW UYI FGCWG FZYC FNZ DJSOD DDBJNMMF RVEONU TW DZFA RGG Q AW GD AUMAEK UZ YL BM U LMO VPC FUMYG CXTP C MZLTRIWCI W Q
